condition_occurrence_id	person_id	condition_concept_id	condition_start_date	condition_start_datetime	condition_end_date	condition_end_datetime	condition_type_concept_id	stop_reason	provider_id	visit_occurrence_id	condition_source_value	condition_source_concept_id	condition_status_source_value	condition_status_concept_id
1	101	254761		2020-11-29 00:00:00		2020-11-29 00:00:00					1	254761		
2	105	254761		2020-08-10 00:00:00		2020-08-10 00:00:00					1	254761		
3	106	254761		2020-02-15 00:00:00		2020-02-15 00:00:00					1	254761		
