condition_occurrence_id	person_id	condition_concept_id	condition_start_date	condition_start_datetime	condition_end_date	condition_end_datetime	condition_type_concept_id	stop_reason	provider_id	visit_occurrence_id	condition_source_value	condition_source_concept_id	condition_status_source_value	condition_status_concept_id
1	101	254761		2020-11-15T00:00:00.000000		2020-11-15T00:00:00.000000					Y	254761		
2	102	254761		2020-01-04T00:00:00.000000		2020-01-04T00:00:00.000000					Y	254761		
3	103	254761		2020-03-27T00:00:00.000000		2020-03-27T00:00:00.000000					Y	254761		
4	105	254761		2020-07-27T00:00:00.000000		2020-07-27T00:00:00.000000					Y	254761		
5	110	254761		2020-01-04T00:00:00.000000		2020-01-04T00:00:00.000000					Y	254761		
6	111	254761		2020-03-27T00:00:00.000000		2020-03-27T00:00:00.000000					Y	254761		
7	112	254761		2020-11-15T00:00:00.000000		2020-11-15T00:00:00.000000					Y	254761		
8	117	254761		2020-07-27T00:00:00.000000		2020-07-27T00:00:00.000000					Y	254761		
9	118	254761		2020-11-15T00:00:00.000000		2020-11-15T00:00:00.000000					Y	254761		
10	120	254761		2020-07-27T00:00:00.000000		2020-07-27T00:00:00.000000					Y	254761		
11	124	254761		2020-03-27T00:00:00.000000		2020-03-27T00:00:00.000000					Y	254761		
12	126	254761		2020-01-04T00:00:00.000000		2020-01-04T00:00:00.000000					Y	254761		
13	128	254761		2020-11-15T00:00:00.000000		2020-11-15T00:00:00.000000					Y	254761		
14	129	254761		2020-01-04T00:00:00.000000		2020-01-04T00:00:00.000000					Y	254761		
15	132	254761		2020-03-27T00:00:00.000000		2020-03-27T00:00:00.000000					Y	254761		
16	134	254761		2020-07-27T00:00:00.000000		2020-07-27T00:00:00.000000					Y	254761		
17	133	254761		2020-03-27T00:00:00.000000		2020-03-27T00:00:00.000000					Y	254761		
18	134	254761		2020-11-15T00:00:00.000000		2020-11-15T00:00:00.000000					Y	254761		
19	140	254761		2020-07-27T00:00:00.000000		2020-07-27T00:00:00.000000					Y	254761		
20	141	254761		2020-01-04T00:00:00.000000		2020-01-04T00:00:00.000000					Y	254761		
21	141	254761		2020-11-15T00:00:00.000000		2020-11-15T00:00:00.000000					Y	254761		
22	142	254761		2020-07-27T00:00:00.000000		2020-07-27T00:00:00.000000					Y	254761		
23	148	254761		2020-03-27T00:00:00.000000		2020-03-27T00:00:00.000000					Y	254761		
24	150	254761		2020-01-04T00:00:00.000000		2020-01-04T00:00:00.000000					Y	254761		
25	151	254761		2020-07-27T00:00:00.000000		2020-07-27T00:00:00.000000					Y	254761		
26	152	254761		2020-01-04T00:00:00.000000		2020-01-04T00:00:00.000000					Y	254761		
27	157	254761		2020-11-15T00:00:00.000000		2020-11-15T00:00:00.000000					Y	254761		
28	158	254761		2020-03-27T00:00:00.000000		2020-03-27T00:00:00.000000					Y	254761		
29	157	254761		2020-11-15T00:00:00.000000		2020-11-15T00:00:00.000000					Y	254761		
30	159	254761		2020-07-27T00:00:00.000000		2020-07-27T00:00:00.000000					Y	254761		
31	165	254761		2020-03-27T00:00:00.000000		2020-03-27T00:00:00.000000					Y	254761		
32	166	254761		2020-01-04T00:00:00.000000		2020-01-04T00:00:00.000000					Y	254761		
33	165	254761		2020-01-04T00:00:00.000000		2020-01-04T00:00:00.000000					Y	254761		
34	166	254761		2020-07-27T00:00:00.000000		2020-07-27T00:00:00.000000					Y	254761		
35	168	254761		2020-03-27T00:00:00.000000		2020-03-27T00:00:00.000000					Y	254761		
36	172	254761		2020-11-15T00:00:00.000000		2020-11-15T00:00:00.000000					Y	254761		
37	174	254761		2020-11-15T00:00:00.000000		2020-11-15T00:00:00.000000					Y	254761		
38	175	254761		2020-07-27T00:00:00.000000		2020-07-27T00:00:00.000000					Y	254761		
39	176	254761		2020-01-04T00:00:00.000000		2020-01-04T00:00:00.000000					Y	254761		
40	182	254761		2020-03-27T00:00:00.000000		2020-03-27T00:00:00.000000					Y	254761		
41	184	254761		2020-07-27T00:00:00.000000		2020-07-27T00:00:00.000000					Y	254761		
42	185	254761		2020-11-15T00:00:00.000000		2020-11-15T00:00:00.000000					Y	254761		
43	189	254761		2020-01-04T00:00:00.000000		2020-01-04T00:00:00.000000					Y	254761		
44	190	254761		2020-03-27T00:00:00.000000		2020-03-27T00:00:00.000000					Y	254761		
45	190	254761		2020-03-27T00:00:00.000000		2020-03-27T00:00:00.000000					Y	254761		
46	191	254761		2020-11-15T00:00:00.000000		2020-11-15T00:00:00.000000					Y	254761		
47	192	254761		2020-07-27T00:00:00.000000		2020-07-27T00:00:00.000000					Y	254761		
48	193	254761		2020-01-04T00:00:00.000000		2020-01-04T00:00:00.000000					Y	254761		
49	197	254761		2020-07-27T00:00:00.000000		2020-07-27T00:00:00.000000					Y	254761		
50	198	254761		2020-01-04T00:00:00.000000		2020-01-04T00:00:00.000000					Y	254761		
51	201	254761		2020-03-27T00:00:00.000000		2020-03-27T00:00:00.000000					Y	254761		
52	206	254761		2020-11-15T00:00:00.000000		2020-11-15T00:00:00.000000					Y	254761		
53	205	254761		2020-07-27T00:00:00.000000		2020-07-27T00:00:00.000000					Y	254761		
54	206	254761		2020-03-27T00:00:00.000000		2020-03-27T00:00:00.000000					Y	254761		
55	207	254761		2020-11-15T00:00:00.000000		2020-11-15T00:00:00.000000					Y	254761		
56	209	254761		2020-01-04T00:00:00.000000		2020-01-04T00:00:00.000000					Y	254761		
57	214	254761		2020-03-27T00:00:00.000000		2020-03-27T00:00:00.000000					Y	254761		
58	216	254761		2020-01-04T00:00:00.000000		2020-01-04T00:00:00.000000					Y	254761		
59	217	254761		2020-07-27T00:00:00.000000		2020-07-27T00:00:00.000000					Y	254761		
60	222	254761		2020-11-15T00:00:00.000000		2020-11-15T00:00:00.000000					Y	254761		
61	221	254761		2020-07-27T00:00:00.000000		2020-07-27T00:00:00.000000					Y	254761		
62	222	254761		2020-01-04T00:00:00.000000		2020-01-04T00:00:00.000000					Y	254761		
63	228	254761		2020-03-27T00:00:00.000000		2020-03-27T00:00:00.000000					Y	254761		
64	230	254761		2020-11-15T00:00:00.000000		2020-11-15T00:00:00.000000					Y	254761		
65	230	254761		2020-03-27T00:00:00.000000		2020-03-27T00:00:00.000000					Y	254761		
66	231	254761		2020-11-15T00:00:00.000000		2020-11-15T00:00:00.000000					Y	254761		
67	236	254761		2020-01-04T00:00:00.000000		2020-01-04T00:00:00.000000					Y	254761		
68	238	254761		2020-07-27T00:00:00.000000		2020-07-27T00:00:00.000000					Y	254761		
69	238	254761		2020-11-15T00:00:00.000000		2020-11-15T00:00:00.000000					Y	254761		
70	239	254761		2020-03-27T00:00:00.000000		2020-03-27T00:00:00.000000					Y	254761		
71	240	254761		2020-01-04T00:00:00.000000		2020-01-04T00:00:00.000000					Y	254761		
72	244	254761		2020-07-27T00:00:00.000000		2020-07-27T00:00:00.000000					Y	254761		
73	246	254761		2020-11-15T00:00:00.000000		2020-11-15T00:00:00.000000					Y	254761		
74	247	254761		2020-01-04T00:00:00.000000		2020-01-04T00:00:00.000000					Y	254761		
75	249	254761		2020-03-27T00:00:00.000000		2020-03-27T00:00:00.000000					Y	254761		
76	254	254761		2020-07-27T00:00:00.000000		2020-07-27T00:00:00.000000					Y	254761		
77	254	254761		2020-01-04T00:00:00.000000		2020-01-04T00:00:00.000000					Y	254761		
78	255	254761		2020-03-27T00:00:00.000000		2020-03-27T00:00:00.000000					Y	254761		
79	257	254761		2020-07-27T00:00:00.000000		2020-07-27T00:00:00.000000					Y	254761		
80	260	254761		2020-11-15T00:00:00.000000		2020-11-15T00:00:00.000000					Y	254761		
81	262	254761		2020-03-27T00:00:00.000000		2020-03-27T00:00:00.000000					Y	254761		
82	264	254761		2020-01-04T00:00:00.000000		2020-01-04T00:00:00.000000					Y	254761		
83	265	254761		2020-11-15T00:00:00.000000		2020-11-15T00:00:00.000000					Y	254761		
84	268	254761		2020-07-27T00:00:00.000000		2020-07-27T00:00:00.000000					Y	254761		
85	270	254761		2020-11-15T00:00:00.000000		2020-11-15T00:00:00.000000					Y	254761		
86	272	254761		2020-01-04T00:00:00.000000		2020-01-04T00:00:00.000000					Y	254761		
87	276	254761		2020-03-27T00:00:00.000000		2020-03-27T00:00:00.000000					Y	254761		
88	278	254761		2020-07-27T00:00:00.000000		2020-07-27T00:00:00.000000					Y	254761		
89	278	254761		2020-11-15T00:00:00.000000		2020-11-15T00:00:00.000000					Y	254761		
90	280	254761		2020-03-27T00:00:00.000000		2020-03-27T00:00:00.000000					Y	254761		
91	281	254761		2020-01-04T00:00:00.000000		2020-01-04T00:00:00.000000					Y	254761		
92	286	254761		2020-07-27T00:00:00.000000		2020-07-27T00:00:00.000000					Y	254761		
93	286	254761		2020-11-15T00:00:00.000000		2020-11-15T00:00:00.000000					Y	254761		
94	288	254761		2020-07-27T00:00:00.000000		2020-07-27T00:00:00.000000					Y	254761		
95	293	254761		2020-01-04T00:00:00.000000		2020-01-04T00:00:00.000000					Y	254761		
96	294	254761		2020-03-27T00:00:00.000000		2020-03-27T00:00:00.000000					Y	254761		
97	293	254761		2020-11-15T00:00:00.000000		2020-11-15T00:00:00.000000					Y	254761		
98	295	254761		2020-07-27T00:00:00.000000		2020-07-27T00:00:00.000000					Y	254761		
99	297	254761		2020-01-04T00:00:00.000000		2020-01-04T00:00:00.000000					Y	254761		
100	302	254761		2020-03-27T00:00:00.000000		2020-03-27T00:00:00.000000					Y	254761		
101	302	254761		2020-01-04T00:00:00.000000		2020-01-04T00:00:00.000000					Y	254761		
102	303	254761		2020-07-27T00:00:00.000000		2020-07-27T00:00:00.000000					Y	254761		
103	308	254761		2020-11-15T00:00:00.000000		2020-11-15T00:00:00.000000					Y	254761		
104	310	254761		2020-03-27T00:00:00.000000		2020-03-27T00:00:00.000000					Y	254761		
105	312	254761		2020-11-15T00:00:00.000000		2020-11-15T00:00:00.000000					Y	254761		
106	316	254761		2020-01-04T00:00:00.000000		2020-01-04T00:00:00.000000					Y	254761		
107	317	254761		2020-07-27T00:00:00.000000		2020-07-27T00:00:00.000000					Y	254761		
108	318	254761		2020-03-27T00:00:00.000000		2020-03-27T00:00:00.000000					Y	254761		
109	317	254761		2020-01-04T00:00:00.000000		2020-01-04T00:00:00.000000					Y	254761		
110	318	254761		2020-07-27T00:00:00.000000		2020-07-27T00:00:00.000000					Y	254761		
111	321	254761		2020-03-27T00:00:00.000000		2020-03-27T00:00:00.000000					Y	254761		
112	324	254761		2020-11-15T00:00:00.000000		2020-11-15T00:00:00.000000					Y	254761		
113	326	254761		2020-07-27T00:00:00.000000		2020-07-27T00:00:00.000000					Y	254761		
114	332	254761		2020-11-15T00:00:00.000000		2020-11-15T00:00:00.000000					Y	254761		
115	333	254761		2020-03-27T00:00:00.000000		2020-03-27T00:00:00.000000					Y	254761		
116	334	254761		2020-01-04T00:00:00.000000		2020-01-04T00:00:00.000000					Y	254761		
117	336	254761		2020-11-15T00:00:00.000000		2020-11-15T00:00:00.000000					Y	254761		
118	337	254761		2020-01-04T00:00:00.000000		2020-01-04T00:00:00.000000					Y	254761		
119	341	254761		2020-07-27T00:00:00.000000		2020-07-27T00:00:00.000000					Y	254761		
120	342	254761		2020-03-27T00:00:00.000000		2020-03-27T00:00:00.000000					Y	254761		
121	341	254761		2020-11-15T00:00:00.000000		2020-11-15T00:00:00.000000					Y	254761		
122	344	254761		2020-07-27T00:00:00.000000		2020-07-27T00:00:00.000000					Y	254761		
123	349	254761		2020-03-27T00:00:00.000000		2020-03-27T00:00:00.000000					Y	254761		
124	350	254761		2020-01-04T00:00:00.000000		2020-01-04T00:00:00.000000					Y	254761		
125	349	254761		2020-03-27T00:00:00.000000		2020-03-27T00:00:00.000000					Y	254761		
126	351	254761		2020-11-15T00:00:00.000000		2020-11-15T00:00:00.000000					Y	254761		
127	353	254761		2020-01-04T00:00:00.000000		2020-01-04T00:00:00.000000					Y	254761		
128	357	254761		2020-07-27T00:00:00.000000		2020-07-27T00:00:00.000000					Y	254761		
129	359	254761		2020-07-27T00:00:00.000000		2020-07-27T00:00:00.000000					Y	254761		
130	360	254761		2020-11-15T00:00:00.000000		2020-11-15T00:00:00.000000					Y	254761		
131	361	254761		2020-03-27T00:00:00.000000		2020-03-27T00:00:00.000000					Y	254761		
132	365	254761		2020-01-04T00:00:00.000000		2020-01-04T00:00:00.000000					Y	254761		
133	366	254761		2020-07-27T00:00:00.000000		2020-07-27T00:00:00.000000					Y	254761		
134	367	254761		2020-11-15T00:00:00.000000		2020-11-15T00:00:00.000000					Y	254761		
135	369	254761		2020-03-27T00:00:00.000000		2020-03-27T00:00:00.000000					Y	254761		
136	374	254761		2020-01-04T00:00:00.000000		2020-01-04T00:00:00.000000					Y	254761		
137	374	254761		2020-01-04T00:00:00.000000		2020-01-04T00:00:00.000000					Y	254761		
138	375	254761		2020-03-27T00:00:00.000000		2020-03-27T00:00:00.000000					Y	254761		
139	376	254761		2020-11-15T00:00:00.000000		2020-11-15T00:00:00.000000					Y	254761		
140	380	254761		2020-07-27T00:00:00.000000		2020-07-27T00:00:00.000000					Y	254761		
141	382	254761		2020-07-27T00:00:00.000000		2020-07-27T00:00:00.000000					Y	254761		
142	383	254761		2020-03-27T00:00:00.000000		2020-03-27T00:00:00.000000					Y	254761		
143	388	254761		2020-01-04T00:00:00.000000		2020-01-04T00:00:00.000000					Y	254761		
144	390	254761		2020-11-15T00:00:00.000000		2020-11-15T00:00:00.000000					Y	254761		
145	389	254761		2020-07-27T00:00:00.000000		2020-07-27T00:00:00.000000					Y	254761		
146	391	254761		2020-01-04T00:00:00.000000		2020-01-04T00:00:00.000000					Y	254761		
147	392	254761		2020-03-27T00:00:00.000000		2020-03-27T00:00:00.000000					Y	254761		
148	393	254761		2020-11-15T00:00:00.000000		2020-11-15T00:00:00.000000					Y	254761		
149	398	254761		2020-01-04T00:00:00.000000		2020-01-04T00:00:00.000000					Y	254761		
150	399	254761		2020-11-15T00:00:00.000000		2020-11-15T00:00:00.000000					Y	254761		
151	401	254761		2020-03-27T00:00:00.000000		2020-03-27T00:00:00.000000					Y	254761		
152	406	254761		2020-07-27T00:00:00.000000		2020-07-27T00:00:00.000000					Y	254761		
153	405	254761		2020-07-27T00:00:00.000000		2020-07-27T00:00:00.000000					Y	254761		
154	407	254761		2020-01-04T00:00:00.000000		2020-01-04T00:00:00.000000					Y	254761		
155	409	254761		2020-11-15T00:00:00.000000		2020-11-15T00:00:00.000000					Y	254761		
156	412	254761		2020-03-27T00:00:00.000000		2020-03-27T00:00:00.000000					Y	254761		
157	413	254761		2020-07-27T00:00:00.000000		2020-07-27T00:00:00.000000					Y	254761		
158	414	254761		2020-11-15T00:00:00.000000		2020-11-15T00:00:00.000000					Y	254761		
159	416	254761		2020-01-04T00:00:00.000000		2020-01-04T00:00:00.000000					Y	254761		
160	421	254761		2020-03-27T00:00:00.000000		2020-03-27T00:00:00.000000					Y	254761		
161	421	254761		2020-11-15T00:00:00.000000		2020-11-15T00:00:00.000000					Y	254761		
162	422	254761		2020-01-04T00:00:00.000000		2020-01-04T00:00:00.000000					Y	254761		
163	424	254761		2020-03-27T00:00:00.000000		2020-03-27T00:00:00.000000					Y	254761		
164	429	254761		2020-07-27T00:00:00.000000		2020-07-27T00:00:00.000000					Y	254761		
165	429	254761		2020-07-27T00:00:00.000000		2020-07-27T00:00:00.000000					Y	254761		
166	436	254761		2020-03-27T00:00:00.000000		2020-03-27T00:00:00.000000					Y	254761		
167	437	254761		2020-11-15T00:00:00.000000		2020-11-15T00:00:00.000000					Y	254761		
168	438	254761		2020-01-04T00:00:00.000000		2020-01-04T00:00:00.000000					Y	254761		
169	438	254761		2020-07-27T00:00:00.000000		2020-07-27T00:00:00.000000					Y	254761		
170	439	254761		2020-01-04T00:00:00.000000		2020-01-04T00:00:00.000000					Y	254761		
171	441	254761		2020-03-27T00:00:00.000000		2020-03-27T00:00:00.000000					Y	254761		
172	445	254761		2020-11-15T00:00:00.000000		2020-11-15T00:00:00.000000					Y	254761		
173	445	254761		2020-03-27T00:00:00.000000		2020-03-27T00:00:00.000000					Y	254761		
174	446	254761		2020-07-27T00:00:00.000000		2020-07-27T00:00:00.000000					Y	254761		
175	448	254761		2020-11-15T00:00:00.000000		2020-11-15T00:00:00.000000					Y	254761		
176	449	254761		2020-01-04T00:00:00.000000		2020-01-04T00:00:00.000000					Y	254761		
177	454	254761		2020-07-27T00:00:00.000000		2020-07-27T00:00:00.000000					Y	254761		
178	457	254761		2020-03-27T00:00:00.000000		2020-03-27T00:00:00.000000					Y	254761		
179	460	254761		2020-11-15T00:00:00.000000		2020-11-15T00:00:00.000000					Y	254761		
180	462	254761		2020-01-04T00:00:00.000000		2020-01-04T00:00:00.000000					Y	254761		
181	461	254761		2020-11-15T00:00:00.000000		2020-11-15T00:00:00.000000					Y	254761		
182	463	254761		2020-01-04T00:00:00.000000		2020-01-04T00:00:00.000000					Y	254761		
183	464	254761		2020-07-27T00:00:00.000000		2020-07-27T00:00:00.000000					Y	254761		
184	468	254761		2020-03-27T00:00:00.000000		2020-03-27T00:00:00.000000					Y	254761		
185	469	254761		2020-03-27T00:00:00.000000		2020-03-27T00:00:00.000000					Y	254761		
186	471	254761		2020-07-27T00:00:00.000000		2020-07-27T00:00:00.000000					Y	254761		
187	476	254761		2020-11-15T00:00:00.000000		2020-11-15T00:00:00.000000					Y	254761		
188	477	254761		2020-01-04T00:00:00.000000		2020-01-04T00:00:00.000000					Y	254761		
189	478	254761		2020-07-27T00:00:00.000000		2020-07-27T00:00:00.000000					Y	254761		
190	479	254761		2020-03-27T00:00:00.000000		2020-03-27T00:00:00.000000					Y	254761		
191	480	254761		2020-01-04T00:00:00.000000		2020-01-04T00:00:00.000000					Y	254761		
192	481	254761		2020-11-15T00:00:00.000000		2020-11-15T00:00:00.000000					Y	254761		
193	488	254761		2020-01-04T00:00:00.000000		2020-01-04T00:00:00.000000					Y	254761		
194	489	254761		2020-07-27T00:00:00.000000		2020-07-27T00:00:00.000000					Y	254761		
195	492	254761		2020-11-15T00:00:00.000000		2020-11-15T00:00:00.000000					Y	254761		
196	494	254761		2020-03-27T00:00:00.000000		2020-03-27T00:00:00.000000					Y	254761		
197	493	254761		2020-07-27T00:00:00.000000		2020-07-27T00:00:00.000000					Y	254761		
198	494	254761		2020-11-15T00:00:00.000000		2020-11-15T00:00:00.000000					Y	254761		
199	496	254761		2020-03-27T00:00:00.000000		2020-03-27T00:00:00.000000					Y	254761		
200	501	254761		2020-01-04T00:00:00.000000		2020-01-04T00:00:00.000000					Y	254761		
201	501	254761		2020-11-15T00:00:00.000000		2020-11-15T00:00:00.000000					Y	254761		
202	503	254761		2020-01-04T00:00:00.000000		2020-01-04T00:00:00.000000					Y	254761		
203	505	254761		2020-03-27T00:00:00.000000		2020-03-27T00:00:00.000000					Y	254761		
204	509	254761		2020-07-27T00:00:00.000000		2020-07-27T00:00:00.000000					Y	254761		
205	510	254761		2020-01-04T00:00:00.000000		2020-01-04T00:00:00.000000					Y	254761		
206	511	254761		2020-11-15T00:00:00.000000		2020-11-15T00:00:00.000000					Y	254761		
207	516	254761		2020-07-27T00:00:00.000000		2020-07-27T00:00:00.000000					Y	254761		
208	518	254761		2020-03-27T00:00:00.000000		2020-03-27T00:00:00.000000					Y	254761		
209	519	254761		2020-01-04T00:00:00.000000		2020-01-04T00:00:00.000000					Y	254761		
210	521	254761		2020-07-27T00:00:00.000000		2020-07-27T00:00:00.000000					Y	254761		
211	524	254761		2020-03-27T00:00:00.000000		2020-03-27T00:00:00.000000					Y	254761		
212	525	254761		2020-11-15T00:00:00.000000		2020-11-15T00:00:00.000000					Y	254761		
213	526	254761		2020-07-27T00:00:00.000000		2020-07-27T00:00:00.000000					Y	254761		
214	529	254761		2020-03-27T00:00:00.000000		2020-03-27T00:00:00.000000					Y	254761		
215	532	254761		2020-01-04T00:00:00.000000		2020-01-04T00:00:00.000000					Y	254761		
216	534	254761		2020-11-15T00:00:00.000000		2020-11-15T00:00:00.000000					Y	254761		
217	535	254761		2020-11-15T00:00:00.000000		2020-11-15T00:00:00.000000					Y	254761		
218	537	254761		2020-03-27T00:00:00.000000		2020-03-27T00:00:00.000000					Y	254761		
219	540	254761		2020-01-04T00:00:00.000000		2020-01-04T00:00:00.000000					Y	254761		
220	542	254761		2020-07-27T00:00:00.000000		2020-07-27T00:00:00.000000					Y	254761		
221	542	254761		2020-07-27T00:00:00.000000		2020-07-27T00:00:00.000000					Y	254761		
222	544	254761		2020-11-15T00:00:00.000000		2020-11-15T00:00:00.000000					Y	254761		
223	545	254761		2020-03-27T00:00:00.000000		2020-03-27T00:00:00.000000					Y	254761		
224	548	254761		2020-01-04T00:00:00.000000		2020-01-04T00:00:00.000000					Y	254761		
225	549	254761		2020-11-15T00:00:00.000000		2020-11-15T00:00:00.000000					Y	254761		
226	551	254761		2020-03-27T00:00:00.000000		2020-03-27T00:00:00.000000					Y	254761		
227	552	254761		2020-07-27T00:00:00.000000		2020-07-27T00:00:00.000000					Y	254761		
228	557	254761		2020-01-04T00:00:00.000000		2020-01-04T00:00:00.000000					Y	254761		
229	557	254761		2020-11-15T00:00:00.000000		2020-11-15T00:00:00.000000					Y	254761		
230	558	254761		2020-07-27T00:00:00.000000		2020-07-27T00:00:00.000000					Y	254761		
231	564	254761		2020-01-04T00:00:00.000000		2020-01-04T00:00:00.000000					Y	254761		
232	566	254761		2020-03-27T00:00:00.000000		2020-03-27T00:00:00.000000					Y	254761		
233	565	254761		2020-07-27T00:00:00.000000		2020-07-27T00:00:00.000000					Y	254761		
234	572	254761		2020-01-04T00:00:00.000000		2020-01-04T00:00:00.000000					Y	254761		
235	573	254761		2020-11-15T00:00:00.000000		2020-11-15T00:00:00.000000					Y	254761		
236	574	254761		2020-03-27T00:00:00.000000		2020-03-27T00:00:00.000000					Y	254761		
237	575	254761		2020-01-04T00:00:00.000000		2020-01-04T00:00:00.000000					Y	254761		
238	576	254761		2020-11-15T00:00:00.000000		2020-11-15T00:00:00.000000					Y	254761		
239	577	254761		2020-03-27T00:00:00.000000		2020-03-27T00:00:00.000000					Y	254761		
240	581	254761		2020-07-27T00:00:00.000000		2020-07-27T00:00:00.000000					Y	254761		
241	583	254761		2020-07-27T00:00:00.000000		2020-07-27T00:00:00.000000					Y	254761		
242	584	254761		2020-01-04T00:00:00.000000		2020-01-04T00:00:00.000000					Y	254761		
243	589	254761		2020-03-27T00:00:00.000000		2020-03-27T00:00:00.000000					Y	254761		
244	590	254761		2020-11-15T00:00:00.000000		2020-11-15T00:00:00.000000					Y	254761		
245	589	254761		2020-03-27T00:00:00.000000		2020-03-27T00:00:00.000000					Y	254761		
246	590	254761		2020-07-27T00:00:00.000000		2020-07-27T00:00:00.000000					Y	254761		
247	591	254761		2020-01-04T00:00:00.000000		2020-01-04T00:00:00.000000					Y	254761		
248	596	254761		2020-11-15T00:00:00.000000		2020-11-15T00:00:00.000000					Y	254761		
249	599	254761		2020-03-27T00:00:00.000000		2020-03-27T00:00:00.000000					Y	254761		
250	601	254761		2020-11-15T00:00:00.000000		2020-11-15T00:00:00.000000					Y	254761		
251	605	254761		2020-01-04T00:00:00.000000		2020-01-04T00:00:00.000000					Y	254761		
252	606	254761		2020-07-27T00:00:00.000000		2020-07-27T00:00:00.000000					Y	254761		
253	605	254761		2020-07-27T00:00:00.000000		2020-07-27T00:00:00.000000					Y	254761		
254	608	254761		2020-01-04T00:00:00.000000		2020-01-04T00:00:00.000000					Y	254761		
255	609	254761		2020-03-27T00:00:00.000000		2020-03-27T00:00:00.000000					Y	254761		
256	612	254761		2020-11-15T00:00:00.000000		2020-11-15T00:00:00.000000					Y	254761		
257	616	254761		2020-01-04T00:00:00.000000		2020-01-04T00:00:00.000000					Y	254761		
258	620	254761		2020-11-15T00:00:00.000000		2020-11-15T00:00:00.000000					Y	254761		
259	621	254761		2020-07-27T00:00:00.000000		2020-07-27T00:00:00.000000					Y	254761		
260	622	254761		2020-03-27T00:00:00.000000		2020-03-27T00:00:00.000000					Y	254761		
261	622	254761		2020-07-27T00:00:00.000000		2020-07-27T00:00:00.000000					Y	254761		
262	625	254761		2020-11-15T00:00:00.000000		2020-11-15T00:00:00.000000					Y	254761		
263	629	254761		2020-03-27T00:00:00.000000		2020-03-27T00:00:00.000000					Y	254761		
264	630	254761		2020-01-04T00:00:00.000000		2020-01-04T00:00:00.000000					Y	254761		
265	629	254761		2020-03-27T00:00:00.000000		2020-03-27T00:00:00.000000					Y	254761		
266	631	254761		2020-01-04T00:00:00.000000		2020-01-04T00:00:00.000000					Y	254761		
267	636	254761		2020-07-27T00:00:00.000000		2020-07-27T00:00:00.000000					Y	254761		
268	638	254761		2020-11-15T00:00:00.000000		2020-11-15T00:00:00.000000					Y	254761		
269	640	254761		2020-01-04T00:00:00.000000		2020-01-04T00:00:00.000000					Y	254761		
270	644	254761		2020-11-15T00:00:00.000000		2020-11-15T00:00:00.000000					Y	254761		
271	645	254761		2020-03-27T00:00:00.000000		2020-03-27T00:00:00.000000					Y	254761		
272	646	254761		2020-07-27T00:00:00.000000		2020-07-27T00:00:00.000000					Y	254761		
273	646	254761		2020-01-04T00:00:00.000000		2020-01-04T00:00:00.000000					Y	254761		
274	648	254761		2020-11-15T00:00:00.000000		2020-11-15T00:00:00.000000					Y	254761		
275	649	254761		2020-07-27T00:00:00.000000		2020-07-27T00:00:00.000000					Y	254761		
276	654	254761		2020-03-27T00:00:00.000000		2020-03-27T00:00:00.000000					Y	254761		
277	653	254761		2020-07-27T00:00:00.000000		2020-07-27T00:00:00.000000					Y	254761		
278	654	254761		2020-03-27T00:00:00.000000		2020-03-27T00:00:00.000000					Y	254761		
279	655	254761		2020-01-04T00:00:00.000000		2020-01-04T00:00:00.000000					Y	254761		
280	660	254761		2020-11-15T00:00:00.000000		2020-11-15T00:00:00.000000					Y	254761		
281	661	254761		2020-03-27T00:00:00.000000		2020-03-27T00:00:00.000000					Y	254761		
282	662	254761		2020-11-15T00:00:00.000000		2020-11-15T00:00:00.000000					Y	254761		
283	664	254761		2020-07-27T00:00:00.000000		2020-07-27T00:00:00.000000					Y	254761		
284	665	254761		2020-01-04T00:00:00.000000		2020-01-04T00:00:00.000000					Y	254761		
285	669	254761		2020-11-15T00:00:00.000000		2020-11-15T00:00:00.000000					Y	254761		
286	673	254761		2020-01-04T00:00:00.000000		2020-01-04T00:00:00.000000					Y	254761		
287	676	254761		2020-03-27T00:00:00.000000		2020-03-27T00:00:00.000000					Y	254761		
288	677	254761		2020-07-27T00:00:00.000000		2020-07-27T00:00:00.000000					Y	254761		
289	677	254761		2020-11-15T00:00:00.000000		2020-11-15T00:00:00.000000					Y	254761		
290	680	254761		2020-07-27T00:00:00.000000		2020-07-27T00:00:00.000000					Y	254761		
291	684	254761		2020-01-04T00:00:00.000000		2020-01-04T00:00:00.000000					Y	254761		
292	686	254761		2020-03-27T00:00:00.000000		2020-03-27T00:00:00.000000					Y	254761		
293	685	254761		2020-01-04T00:00:00.000000		2020-01-04T00:00:00.000000					Y	254761		
294	687	254761		2020-11-15T00:00:00.000000		2020-11-15T00:00:00.000000					Y	254761		
295	689	254761		2020-03-27T00:00:00.000000		2020-03-27T00:00:00.000000					Y	254761		
296	694	254761		2020-07-27T00:00:00.000000		2020-07-27T00:00:00.000000					Y	254761		
297	694	254761		2020-03-27T00:00:00.000000		2020-03-27T00:00:00.000000					Y	254761		
298	696	254761		2020-01-04T00:00:00.000000		2020-01-04T00:00:00.000000					Y	254761		
299	701	254761		2020-11-15T00:00:00.000000		2020-11-15T00:00:00.000000					Y	254761		
300	702	254761		2020-07-27T00:00:00.000000		2020-07-27T00:00:00.000000					Y	254761		
301	701	254761		2020-07-27T00:00:00.000000		2020-07-27T00:00:00.000000					Y	254761		
302	705	254761		2020-03-27T00:00:00.000000		2020-03-27T00:00:00.000000					Y	254761		
303	708	254761		2020-11-15T00:00:00.000000		2020-11-15T00:00:00.000000					Y	254761		
304	709	254761		2020-01-04T00:00:00.000000		2020-01-04T00:00:00.000000					Y	254761		
305	710	254761		2020-01-04T00:00:00.000000		2020-01-04T00:00:00.000000					Y	254761		
306	711	254761		2020-07-27T00:00:00.000000		2020-07-27T00:00:00.000000					Y	254761		
307	712	254761		2020-11-15T00:00:00.000000		2020-11-15T00:00:00.000000					Y	254761		
308	718	254761		2020-03-27T00:00:00.000000		2020-03-27T00:00:00.000000					Y	254761		
309	721	254761		2020-07-27T00:00:00.000000		2020-07-27T00:00:00.000000					Y	254761		
310	724	254761		2020-01-04T00:00:00.000000		2020-01-04T00:00:00.000000					Y	254761		
311	725	254761		2020-11-15T00:00:00.000000		2020-11-15T00:00:00.000000					Y	254761		
312	726	254761		2020-03-27T00:00:00.000000		2020-03-27T00:00:00.000000					Y	254761		
313	727	254761		2020-03-27T00:00:00.000000		2020-03-27T00:00:00.000000					Y	254761		
314	728	254761		2020-11-15T00:00:00.000000		2020-11-15T00:00:00.000000					Y	254761		
315	733	254761		2020-01-04T00:00:00.000000		2020-01-04T00:00:00.000000					Y	254761		
316	734	254761		2020-07-27T00:00:00.000000		2020-07-27T00:00:00.000000					Y	254761		
317	733	254761		2020-01-04T00:00:00.000000		2020-01-04T00:00:00.000000					Y	254761		
318	735	254761		2020-07-27T00:00:00.000000		2020-07-27T00:00:00.000000					Y	254761		
319	736	254761		2020-03-27T00:00:00.000000		2020-03-27T00:00:00.000000					Y	254761		
320	740	254761		2020-11-15T00:00:00.000000		2020-11-15T00:00:00.000000					Y	254761		
321	741	254761		2020-07-27T00:00:00.000000		2020-07-27T00:00:00.000000					Y	254761		
322	742	254761		2020-01-04T00:00:00.000000		2020-01-04T00:00:00.000000					Y	254761		
323	743	254761		2020-11-15T00:00:00.000000		2020-11-15T00:00:00.000000					Y	254761		
324	744	254761		2020-03-27T00:00:00.000000		2020-03-27T00:00:00.000000					Y	254761		
325	749	254761		2020-03-27T00:00:00.000000		2020-03-27T00:00:00.000000					Y	254761		
326	753	254761		2020-07-27T00:00:00.000000		2020-07-27T00:00:00.000000					Y	254761		
327	756	254761		2020-01-04T00:00:00.000000		2020-01-04T00:00:00.000000					Y	254761		
328	758	254761		2020-11-15T00:00:00.000000		2020-11-15T00:00:00.000000					Y	254761		
329	759	254761		2020-11-15T00:00:00.000000		2020-11-15T00:00:00.000000					Y	254761		
330	761	254761		2020-07-27T00:00:00.000000		2020-07-27T00:00:00.000000					Y	254761		
331	764	254761		2020-01-04T00:00:00.000000		2020-01-04T00:00:00.000000					Y	254761		
332	766	254761		2020-03-27T00:00:00.000000		2020-03-27T00:00:00.000000					Y	254761		
333	765	254761		2020-01-04T00:00:00.000000		2020-01-04T00:00:00.000000					Y	254761		
334	766	254761		2020-03-27T00:00:00.000000		2020-03-27T00:00:00.000000					Y	254761		
335	768	254761		2020-07-27T00:00:00.000000		2020-07-27T00:00:00.000000					Y	254761		
336	772	254761		2020-11-15T00:00:00.000000		2020-11-15T00:00:00.000000					Y	254761		
337	773	254761		2020-01-04T00:00:00.000000		2020-01-04T00:00:00.000000					Y	254761		
338	774	254761		2020-07-27T00:00:00.000000		2020-07-27T00:00:00.000000					Y	254761		
339	775	254761		2020-03-27T00:00:00.000000		2020-03-27T00:00:00.000000					Y	254761		
340	781	254761		2020-11-15T00:00:00.000000		2020-11-15T00:00:00.000000					Y	254761		
341	783	254761		2020-07-27T00:00:00.000000		2020-07-27T00:00:00.000000					Y	254761		
342	784	254761		2020-03-27T00:00:00.000000		2020-03-27T00:00:00.000000					Y	254761		
343	789	254761		2020-01-04T00:00:00.000000		2020-01-04T00:00:00.000000					Y	254761		
344	790	254761		2020-11-15T00:00:00.000000		2020-11-15T00:00:00.000000					Y	254761		
345	789	254761		2020-03-27T00:00:00.000000		2020-03-27T00:00:00.000000					Y	254761		
346	792	254761		2020-11-15T00:00:00.000000		2020-11-15T00:00:00.000000					Y	254761		
347	793	254761		2020-07-27T00:00:00.000000		2020-07-27T00:00:00.000000					Y	254761		
348	796	254761		2020-01-04T00:00:00.000000		2020-01-04T00:00:00.000000					Y	254761		
349	797	254761		2020-03-27T00:00:00.000000		2020-03-27T00:00:00.000000					Y	254761		
350	799	254761		2020-07-27T00:00:00.000000		2020-07-27T00:00:00.000000					Y	254761		
351	805	254761		2020-11-15T00:00:00.000000		2020-11-15T00:00:00.000000					Y	254761		
352	806	254761		2020-01-04T00:00:00.000000		2020-01-04T00:00:00.000000					Y	254761		
353	805	254761		2020-11-15T00:00:00.000000		2020-11-15T00:00:00.000000					Y	254761		
354	809	254761		2020-07-27T00:00:00.000000		2020-07-27T00:00:00.000000					Y	254761		
355	812	254761		2020-01-04T00:00:00.000000		2020-01-04T00:00:00.000000					Y	254761		
356	813	254761		2020-03-27T00:00:00.000000		2020-03-27T00:00:00.000000					Y	254761		
357	814	254761		2020-03-27T00:00:00.000000		2020-03-27T00:00:00.000000					Y	254761		
358	816	254761		2020-07-27T00:00:00.000000		2020-07-27T00:00:00.000000					Y	254761		
359	820	254761		2020-01-04T00:00:00.000000		2020-01-04T00:00:00.000000					Y	254761		
360	822	254761		2020-11-15T00:00:00.000000		2020-11-15T00:00:00.000000					Y	254761		
361	823	254761		2020-03-27T00:00:00.000000		2020-03-27T00:00:00.000000					Y	254761		
362	824	254761		2020-07-27T00:00:00.000000		2020-07-27T00:00:00.000000					Y	254761		
363	825	254761		2020-11-15T00:00:00.000000		2020-11-15T00:00:00.000000					Y	254761		
364	829	254761		2020-01-04T00:00:00.000000		2020-01-04T00:00:00.000000					Y	254761		
365	829	254761		2020-01-04T00:00:00.000000		2020-01-04T00:00:00.000000					Y	254761		
366	836	254761		2020-11-15T00:00:00.000000		2020-11-15T00:00:00.000000					Y	254761		
367	837	254761		2020-03-27T00:00:00.000000		2020-03-27T00:00:00.000000					Y	254761		
368	838	254761		2020-07-27T00:00:00.000000		2020-07-27T00:00:00.000000					Y	254761		
369	839	254761		2020-07-27T00:00:00.000000		2020-07-27T00:00:00.000000					Y	254761		
370	840	254761		2020-01-04T00:00:00.000000		2020-01-04T00:00:00.000000					Y	254761		
371	841	254761		2020-11-15T00:00:00.000000		2020-11-15T00:00:00.000000					Y	254761		
372	845	254761		2020-03-27T00:00:00.000000		2020-03-27T00:00:00.000000					Y	254761		
373	845	254761		2020-01-04T00:00:00.000000		2020-01-04T00:00:00.000000					Y	254761		
374	846	254761		2020-03-27T00:00:00.000000		2020-03-27T00:00:00.000000					Y	254761		
375	847	254761		2020-07-27T00:00:00.000000		2020-07-27T00:00:00.000000					Y	254761		
376	854	254761		2020-11-15T00:00:00.000000		2020-11-15T00:00:00.000000					Y	254761		
377	853	254761		2020-07-27T00:00:00.000000		2020-07-27T00:00:00.000000					Y	254761		
378	856	254761		2020-11-15T00:00:00.000000		2020-11-15T00:00:00.000000					Y	254761		
379	857	254761		2020-01-04T00:00:00.000000		2020-01-04T00:00:00.000000					Y	254761		
380	862	254761		2020-03-27T00:00:00.000000		2020-03-27T00:00:00.000000					Y	254761		
381	861	254761		2020-01-04T00:00:00.000000		2020-01-04T00:00:00.000000					Y	254761		
382	863	254761		2020-07-27T00:00:00.000000		2020-07-27T00:00:00.000000					Y	254761		
383	864	254761		2020-11-15T00:00:00.000000		2020-11-15T00:00:00.000000					Y	254761		
384	870	254761		2020-03-27T00:00:00.000000		2020-03-27T00:00:00.000000					Y	254761		
385	869	254761		2020-01-04T00:00:00.000000		2020-01-04T00:00:00.000000					Y	254761		
386	872	254761		2020-11-15T00:00:00.000000		2020-11-15T00:00:00.000000					Y	254761		
387	877	254761		2020-03-27T00:00:00.000000		2020-03-27T00:00:00.000000					Y	254761		
388	878	254761		2020-07-27T00:00:00.000000		2020-07-27T00:00:00.000000					Y	254761		
389	879	254761		2020-01-04T00:00:00.000000		2020-01-04T00:00:00.000000					Y	254761		
390	881	254761		2020-11-15T00:00:00.000000		2020-11-15T00:00:00.000000					Y	254761		
391	885	254761		2020-03-27T00:00:00.000000		2020-03-27T00:00:00.000000					Y	254761		
392	886	254761		2020-07-27T00:00:00.000000		2020-07-27T00:00:00.000000					Y	254761		
393	886	254761		2020-01-04T00:00:00.000000		2020-01-04T00:00:00.000000					Y	254761		
394	887	254761		2020-03-27T00:00:00.000000		2020-03-27T00:00:00.000000					Y	254761		
395	888	254761		2020-07-27T00:00:00.000000		2020-07-27T00:00:00.000000					Y	254761		
396	889	254761		2020-11-15T00:00:00.000000		2020-11-15T00:00:00.000000					Y	254761		
397	893	254761		2020-01-04T00:00:00.000000		2020-01-04T00:00:00.000000					Y	254761		
398	897	254761		2020-07-27T00:00:00.000000		2020-07-27T00:00:00.000000					Y	254761		
399	900	254761		2020-03-27T00:00:00.000000		2020-03-27T00:00:00.000000					Y	254761		
400	902	254761		2020-11-15T00:00:00.000000		2020-11-15T00:00:00.000000					Y	254761		
