observation_id,person_id,observation_concept_id,observation_date,observation_datetime,observation_type_concept_id,value_as_number,value_as_string,value_as_concept_id,qualifier_concept_id,unit_concept_id,provider_id,visit_occurrence_id,visit_detail_id,observation_source_value,observation_source_concept_id,unit_source_value,qualifier_source_value
1,101,4275273,,2020-11-29 00:00:00,,,,,,,,,,1,4275273,,
2,105,4275273,,2020-08-10 00:00:00,,,,,,,,,,1,4275273,,
3,106,4275273,,2020-02-15 00:00:00,,,,,,,,,,1,4275273,,
